>(function ##comment no arg)
#^ source.lux meta.expression.lux punctuation.section.expression.begin.lux
# ^^^^^^^^ source.lux meta.expression.lux entity.name.function.lux
#         ^ source.lux meta.expression.lux
#          ^^ source.lux meta.expression.lux comment.line.double-hash.lux
#            ^^^^^^^^^^^^^^^ source.lux meta.expression.lux comment.line.double-hash.lux
>