>(function ##comment no arg)
#^ source.lux meta.expression.lux punctuation.section.expression.begin.lux
# ^^^^^^^^ source.lux meta.expression.lux entity.name.function.lux
#         ^ source.lux meta.expression.lux
#          ^^ source.lux meta.expression.lux comment.line.double-hash.lux
#            ^^^^^^^^^^^^^^^ source.lux meta.expression.lux comment.line.double-hash.lux
>(function #(block comment) arg)
#^ source.lux meta.expression.lux meta.expression.lux punctuation.section.expression.begin.lux
# ^^^^^^^^ source.lux meta.expression.lux meta.expression.lux entity.name.function.lux
#         ^ source.lux meta.expression.lux meta.expression.lux
#          ^^ source.lux meta.expression.lux meta.expression.lux comment.block.lux
#            ^^^^^^^^^^^^^ source.lux meta.expression.lux meta.expression.lux comment.block.lux
#                         ^ source.lux meta.expression.lux meta.expression.lux comment.block.lux
#                          ^ source.lux meta.expression.lux meta.expression.lux
#                           ^^^ source.lux meta.expression.lux meta.expression.lux meta.symbol.clojure
#                              ^ source.lux meta.expression.lux meta.expression.lux punctuation.section.expression.end.trailing.lux