>#(This is a #(nested block) comment)
#^^ source.lux comment.block.lux
#  ^^^^^^^^^^ source.lux comment.block.lux
#            ^^ source.lux comment.block.lux comment.block.lux
#              ^^^^^^^^^^^^ source.lux comment.block.lux comment.block.lux
#                          ^ source.lux comment.block.lux comment.block.lux
#                           ^^^^^^^^ source.lux comment.block.lux
#                                   ^ source.lux comment.block.lux